Archive member included to satisfy reference by file (symbol)

C:/ST/STM32CubeIDE_1.16.0/STM32CubeIDE/plugins/com.st.stm32cube.ide.mcu.externaltools.gnu-tools-for-stm32.12.3.rel1.win32_1.0.200.202406191623/tools/bin/../lib/gcc/arm-none-eabi/12.3.1/../../../../arm-none-eabi/lib/thumb/v7e-m+fp/hard\libc_nano.a(libc_a-exit.o)
                              C:/ST/STM32CubeIDE_1.16.0/STM32CubeIDE/plugins/com.st.stm32cube.ide.mcu.externaltools.gnu-tools-for-stm32.12.3.rel1.win32_1.0.200.202406191623/tools/bin/../lib/gcc/arm-none-eabi/12.3.1/../../../../arm-none-eabi/lib/thumb/v7e-m+fp/hard/crt0.o (exit)
C:/ST/STM32CubeIDE_1.16.0/STM32CubeIDE/plugins/com.st.stm32cube.ide.mcu.externaltools.gnu-tools-for-stm32.12.3.rel1.win32_1.0.200.202406191623/tools/bin/../lib/gcc/arm-none-eabi/12.3.1/../../../../arm-none-eabi/lib/thumb/v7e-m+fp/hard\libc_nano.a(libc_a-findfp.o)
                              C:/ST/STM32CubeIDE_1.16.0/STM32CubeIDE/plugins/com.st.stm32cube.ide.mcu.externaltools.gnu-tools-for-stm32.12.3.rel1.win32_1.0.200.202406191623/tools/bin/../lib/gcc/arm-none-eabi/12.3.1/../../../../arm-none-eabi/lib/thumb/v7e-m+fp/hard\libc_nano.a(libc_a-exit.o) (__stdio_exit_handler)
C:/ST/STM32CubeIDE_1.16.0/STM32CubeIDE/plugins/com.st.stm32cube.ide.mcu.externaltools.gnu-tools-for-stm32.12.3.rel1.win32_1.0.200.202406191623/tools/bin/../lib/gcc/arm-none-eabi/12.3.1/../../../../arm-none-eabi/lib/thumb/v7e-m+fp/hard\libc_nano.a(libc_a-fwalk.o)
                              C:/ST/STM32CubeIDE_1.16.0/STM32CubeIDE/plugins/com.st.stm32cube.ide.mcu.externaltools.gnu-tools-for-stm32.12.3.rel1.win32_1.0.200.202406191623/tools/bin/../lib/gcc/arm-none-eabi/12.3.1/../../../../arm-none-eabi/lib/thumb/v7e-m+fp/hard\libc_nano.a(libc_a-findfp.o) (_fwalk_sglue)
C:/ST/STM32CubeIDE_1.16.0/STM32CubeIDE/plugins/com.st.stm32cube.ide.mcu.externaltools.gnu-tools-for-stm32.12.3.rel1.win32_1.0.200.202406191623/tools/bin/../lib/gcc/arm-none-eabi/12.3.1/../../../../arm-none-eabi/lib/thumb/v7e-m+fp/hard\libc_nano.a(libc_a-stdio.o)
                              C:/ST/STM32CubeIDE_1.16.0/STM32CubeIDE/plugins/com.st.stm32cube.ide.mcu.externaltools.gnu-tools-for-stm32.12.3.rel1.win32_1.0.200.202406191623/tools/bin/../lib/gcc/arm-none-eabi/12.3.1/../../../../arm-none-eabi/lib/thumb/v7e-m+fp/hard\libc_nano.a(libc_a-findfp.o) (__sread)
C:/ST/STM32CubeIDE_1.16.0/STM32CubeIDE/plugins/com.st.stm32cube.ide.mcu.externaltools.gnu-tools-for-stm32.12.3.rel1.win32_1.0.200.202406191623/tools/bin/../lib/gcc/arm-none-eabi/12.3.1/../../../../arm-none-eabi/lib/thumb/v7e-m+fp/hard\libc_nano.a(libc_a-memset.o)
                              C:/ST/STM32CubeIDE_1.16.0/STM32CubeIDE/plugins/com.st.stm32cube.ide.mcu.externaltools.gnu-tools-for-stm32.12.3.rel1.win32_1.0.200.202406191623/tools/bin/../lib/gcc/arm-none-eabi/12.3.1/../../../../arm-none-eabi/lib/thumb/v7e-m+fp/hard/crt0.o (memset)
C:/ST/STM32CubeIDE_1.16.0/STM32CubeIDE/plugins/com.st.stm32cube.ide.mcu.externaltools.gnu-tools-for-stm32.12.3.rel1.win32_1.0.200.202406191623/tools/bin/../lib/gcc/arm-none-eabi/12.3.1/../../../../arm-none-eabi/lib/thumb/v7e-m+fp/hard\libc_nano.a(libc_a-closer.o)
                              C:/ST/STM32CubeIDE_1.16.0/STM32CubeIDE/plugins/com.st.stm32cube.ide.mcu.externaltools.gnu-tools-for-stm32.12.3.rel1.win32_1.0.200.202406191623/tools/bin/../lib/gcc/arm-none-eabi/12.3.1/../../../../arm-none-eabi/lib/thumb/v7e-m+fp/hard\libc_nano.a(libc_a-stdio.o) (_close_r)
C:/ST/STM32CubeIDE_1.16.0/STM32CubeIDE/plugins/com.st.stm32cube.ide.mcu.externaltools.gnu-tools-for-stm32.12.3.rel1.win32_1.0.200.202406191623/tools/bin/../lib/gcc/arm-none-eabi/12.3.1/../../../../arm-none-eabi/lib/thumb/v7e-m+fp/hard\libc_nano.a(libc_a-reent.o)
                              C:/ST/STM32CubeIDE_1.16.0/STM32CubeIDE/plugins/com.st.stm32cube.ide.mcu.externaltools.gnu-tools-for-stm32.12.3.rel1.win32_1.0.200.202406191623/tools/bin/../lib/gcc/arm-none-eabi/12.3.1/../../../../arm-none-eabi/lib/thumb/v7e-m+fp/hard\libc_nano.a(libc_a-closer.o) (errno)
C:/ST/STM32CubeIDE_1.16.0/STM32CubeIDE/plugins/com.st.stm32cube.ide.mcu.externaltools.gnu-tools-for-stm32.12.3.rel1.win32_1.0.200.202406191623/tools/bin/../lib/gcc/arm-none-eabi/12.3.1/../../../../arm-none-eabi/lib/thumb/v7e-m+fp/hard\libc_nano.a(libc_a-impure.o)
                              C:/ST/STM32CubeIDE_1.16.0/STM32CubeIDE/plugins/com.st.stm32cube.ide.mcu.externaltools.gnu-tools-for-stm32.12.3.rel1.win32_1.0.200.202406191623/tools/bin/../lib/gcc/arm-none-eabi/12.3.1/../../../../arm-none-eabi/lib/thumb/v7e-m+fp/hard\libc_nano.a(libc_a-reent.o) (_impure_ptr)
C:/ST/STM32CubeIDE_1.16.0/STM32CubeIDE/plugins/com.st.stm32cube.ide.mcu.externaltools.gnu-tools-for-stm32.12.3.rel1.win32_1.0.200.202406191623/tools/bin/../lib/gcc/arm-none-eabi/12.3.1/../../../../arm-none-eabi/lib/thumb/v7e-m+fp/hard\libc_nano.a(libc_a-lseekr.o)
[...]
Memory Configuration

Name             Origin             Length             Attributes
RAM              0x20000000         0x00020000         xrw
FLASH            0x08000000         0x00080000         xr
*default*        0x00000000         0xffffffff

Linker script and memory map

LOAD C:/ST/STM32CubeIDE_1.16.0/STM32CubeIDE/plugins/com.st.stm32cube.ide.mcu.externaltools.gnu-tools-for-stm32.12.3.rel1.win32_1.0.200.202406191623/tools/bin/../lib/gcc/arm-none-eabi/12.3.1/thumb/v7e-m+fp/hard/crti.o
LOAD C:/ST/STM32CubeIDE_1.16.0/STM32CubeIDE/plugins/com.st.stm32cube.ide.mcu.externaltools.gnu-tools-for-stm32.12.3.rel1.win32_1.0.200.202406191623/tools/bin/../lib/gcc/arm-none-eabi/12.3.1/thumb/v7e-m+fp/hard/crtbegin.o
LOAD C:/ST/STM32CubeIDE_1.16.0/STM32CubeIDE/plugins/com.st.stm32cube.ide.mcu.externaltools.gnu-tools-for-stm32.12.3.rel1.win32_1.0.200.202406191623/tools/bin/../lib/gcc/arm-none-eabi/12.3.1/../../../../arm-none-eabi/lib/thumb/v7e-m+fp/hard/crt0.o
LOAD ./Core/Src/GFX_FUNCTIONS.o
LOAD ./Core/Src/ST7735.o
LOAD ./Core/Src/TinyQVmockup.o
LOAD ./Core/Src/dma.o
LOAD ./Core/Src/fonts.o
LOAD ./Core/Src/gpio.o
LOAD ./Core/Src/image.o
LOAD ./Core/Src/main.o
LOAD ./Core/Src/spi.o
LOAD ./Core/Src/stm32g4xx_hal_msp.o
LOAD ./Core/Src/stm32g4xx_it.o
LOAD ./Core/Src/syscalls.o
LOAD ./Core/Src/sysmem.o
LOAD ./Core/Src/system_stm32g4xx.o
LOAD ./Core/Src/tim.o
LOAD ./Core/Startup/startup_stm32g474retx.o
LOAD ./Drivers/STM32G4xx_HAL_Driver/Src/stm32g4xx_hal.o
LOAD ./Drivers/STM32G4xx_HAL_Driver/Src/stm32g4xx_hal_cortex.o
LOAD ./Drivers/STM32G4xx_HAL_Driver/Src/stm32g4xx_hal_dma.o
LOAD ./Drivers/STM32G4xx_HAL_Driver/Src/stm32g4xx_hal_dma_ex.o
LOAD ./Drivers/STM32G4xx_HAL_Driver/Src/stm32g4xx_hal_exti.o
LOAD ./Drivers/STM32G4xx_HAL_Driver/Src/stm32g4xx_hal_flash.o
LOAD ./Drivers/STM32G4xx_HAL_Driver/Src/stm32g4xx_hal_flash_ex.o
LOAD ./Drivers/STM32G4xx_HAL_Driver/Src/stm32g4xx_hal_flash_ramfunc.o
LOAD ./Drivers/STM32G4xx_HAL_Driver/Src/stm32g4xx_hal_gpio.o
LOAD ./Drivers/STM32G4xx_HAL_Driver/Src/stm32g4xx_hal_pwr.o
LOAD ./Drivers/STM32G4xx_HAL_Driver/Src/stm32g4xx_hal_pwr_ex.o
LOAD ./Drivers/STM32G4xx_HAL_Driver/Src/stm32g4xx_hal_rcc.o
LOAD ./Drivers/STM32G4xx_HAL_Driver/Src/stm32g4xx_hal_rcc_ex.o
LOAD ./Drivers/STM32G4xx_HAL_Driver/Src/stm32g4xx_hal_spi.o
LOAD ./Drivers/STM32G4xx_HAL_Driver/Src/stm32g4xx_hal_spi_ex.o
LOAD ./Drivers/STM32G4xx_HAL_Driver/Src/stm32g4xx_hal_tim.o
LOAD ./Drivers/STM32G4xx_HAL_Driver/Src/stm32g4xx_hal_tim_ex.o
START GROUP
LOAD C:/ST/STM32CubeIDE_1.16.0/STM32CubeIDE/plugins/com.st.stm32cube.ide.mcu.externaltools.gnu-tools-for-stm32.12.3.rel1.win32_1.0.200.202406191623/tools/bin/../lib/gcc/arm-none-eabi/12.3.1/../../../../arm-none-eabi/lib/thumb/v7e-m+fp/hard\libc_nano.a
LOAD C:/ST/STM32CubeIDE_1.16.0/STM32CubeIDE/plugins/com.st.stm32cube.ide.mcu.externaltools.gnu-tools-for-stm32.12.3.rel1.win32_1.0.200.202406191623/tools/bin/../lib/gcc/arm-none-eabi/12.3.1/../../../../arm-none-eabi/lib/thumb/v7e-m+fp/hard\libm.a
END GROUP
START GROUP
LOAD C:/ST/STM32CubeIDE_1.16.0/STM32CubeIDE/plugins/com.st.stm32cube.ide.mcu.externaltools.gnu-tools-for-stm32.12.3.rel1.win32_1.0.200.202406191623/tools/bin/../lib/gcc/arm-none-eabi/12.3.1/thumb/v7e-m+fp/hard\libgcc.a
LOAD C:/ST/STM32CubeIDE_1.16.0/STM32CubeIDE/plugins/com.st.stm32cube.ide.mcu.externaltools.gnu-tools-for-stm32.12.3.rel1.win32_1.0.200.202406191623/tools/bin/../lib/gcc/arm-none-eabi/12.3.1/../../../../arm-none-eabi/lib/thumb/v7e-m+fp/hard\libc_nano.a
END GROUP
START GROUP
LOAD C:/ST/STM32CubeIDE_1.16.0/STM32CubeIDE/plugins/com.st.stm32cube.ide.mcu.externaltools.gnu-tools-for-stm32.12.3.rel1.win32_1.0.200.202406191623/tools/bin/../lib/gcc/arm-none-eabi/12.3.1/thumb/v7e-m+fp/hard\libgcc.a
LOAD C:/ST/STM32CubeIDE_1.16.0/STM32CubeIDE/plugins/com.st.stm32cube.ide.mcu.externaltools.gnu-tools-for-stm32.12.3.rel1.win32_1.0.200.202406191623/tools/bin/../lib/gcc/arm-none-eabi/12.3.1/../../../../arm-none-eabi/lib/thumb/v7e-m+fp/hard\libc_nano.a
LOAD C:/ST/STM32CubeIDE_1.16.0/STM32CubeIDE/plugins/com.st.stm32cube.ide.mcu.externaltools.gnu-tools-for-stm32.12.3.rel1.win32_1.0.200.202406191623/tools/bin/../lib/gcc/arm-none-eabi/12.3.1/../../../../arm-none-eabi/lib/thumb/v7e-m+fp/hard\libnosys.a
END GROUP
START GROUP
LOAD C:/ST/STM32CubeIDE_1.16.0/STM32CubeIDE/plugins/com.st.stm32cube.ide.mcu.externaltools.gnu-tools-for-stm32.12.3.rel1.win32_1.0.200.202406191623/tools/bin/../lib/gcc/arm-none-eabi/12.3.1/thumb/v7e-m+fp/hard\libgcc.a
LOAD C:/ST/STM32CubeIDE_1.16.0/STM32CubeIDE/plugins/com.st.stm32cube.ide.mcu.externaltools.gnu-tools-for-stm32.12.3.rel1.win32_1.0.200.202406191623/tools/bin/../lib/gcc/arm-none-eabi/12.3.1/../../../../arm-none-eabi/lib/thumb/v7e-m+fp/hard\libc_nano.a
LOAD C:/ST/STM32CubeIDE_1.16.0/STM32CubeIDE/plugins/com.st.stm32cube.ide.mcu.externaltools.gnu-tools-for-stm32.12.3.rel1.win32_1.0.200.202406191623/tools/bin/../lib/gcc/arm-none-eabi/12.3.1/../../../../arm-none-eabi/lib/thumb/v7e-m+fp/hard\libnosys.a
END GROUP
LOAD C:/ST/STM32CubeIDE_1.16.0/STM32CubeIDE/plugins/com.st.stm32cube.ide.mcu.externaltools.gnu-tools-for-stm32.12.3.rel1.win32_1.0.200.202406191623/tools/bin/../lib/gcc/arm-none-eabi/12.3.1/thumb/v7e-m+fp/hard/crtend.o
LOAD C:/ST/STM32CubeIDE_1.16.0/STM32CubeIDE/plugins/com.st.stm32cube.ide.mcu.externaltools.gnu-tools-for-stm32.12.3.rel1.win32_1.0.200.202406191623/tools/bin/../lib/gcc/arm-none-eabi/12.3.1/thumb/v7e-m+fp/hard/crtn.o
                0x20020000                        _estack = (ORIGIN (RAM) + LENGTH (RAM))
                0x00000200                        _Min_Heap_Size = 0x200
                0x00000400                        _Min_Stack_Size = 0x400

.isr_vector     0x08000000      0x1d8
                0x08000000                        . = ALIGN (0x4)
 *(.isr_vector)
 .isr_vector    0x08000000      0x1d8 ./Core/Startup/startup_stm32g474retx.o
                0x08000000                g_pfnVectors
                0x080001d8                        . = ALIGN (0x4)

.text           0x080001d8     0x3f0c
                0x080001d8                        . = ALIGN (0x4)
 *(.text)
 .text          0x080001d8       0x40 C:/ST/STM32CubeIDE_1.16.0/STM32CubeIDE/plugins/com.st.stm32cube.ide.mcu.externaltools.gnu-tools-for-stm32.12.3.rel1.win32_1.0.200.202406191623/tools/bin/../lib/gcc/arm-none-eabi/12.3.1/thumb/v7e-m+fp/hard/crtbegin.o
 *(.text*)
 .text.fillRect
                0x08000218       0x38 ./Core/Src/GFX_FUNCTIONS.o
                0x08000218                fillRect
 .text.fillScreen
                0x08000250       0x34 ./Core/Src/GFX_FUNCTIONS.o
                0x08000250                fillScreen
 .text.ST7735_Select
                0x08000284       0x18 ./Core/Src/ST7735.o
                0x08000284                ST7735_Select
 .text.ST7735_Unselect
                0x0800029c       0x18 ./Core/Src/ST7735.o
                0x0800029c                ST7735_Unselect
 .text.ST7735_Reset
                0x080002b4       0x30 ./Core/Src/ST7735.o
                0x080002b4                ST7735_Reset
 .text.ST7735_WriteCommand
                0x080002e4       0x34 ./Core/Src/ST7735.o
                0x080002e4                ST7735_WriteCommand
 .text.ST7735_WriteData
                0x08000318       0x34 ./Core/Src/ST7735.o
                0x08000318                ST7735_WriteData
 .text.DisplayInit
                0x0800034c       0x92 ./Core/Src/ST7735.o
                0x0800034c                DisplayInit
 *fill*         0x080003de        0x2 
 .text.ST7735_SetAddressWindow
                0x080003e0       0x90 ./Core/Src/ST7735.o
                0x080003e0                ST7735_SetAddressWindow
 .text.ST7735_Init
                0x08000470       0x58 ./Core/Src/ST7735.o
                0x08000470                ST7735_Init
 .text.ST7735_SetRotation
                0x080004c8      0x100 ./Core/Src/ST7735.o
                0x080004c8                ST7735_SetRotation
 .text.ST7735_DrawPixel
                0x080005c8       0x7c ./Core/Src/ST7735.o
                0x080005c8                ST7735_DrawPixel
 .text.ST7735_WriteChar
                0x08000644       0xee ./Core/Src/ST7735.o
                0x08000644                ST7735_WriteChar
 *fill*         0x08000732        0x2 
 .text.ST7735_WriteString
                0x08000734       0xa8 ./Core/Src/ST7735.o
                0x08000734                ST7735_WriteString
 .text.ST7735_FillRectangle
                0x080007dc      0x110 ./Core/Src/ST7735.o
                0x080007dc                ST7735_FillRectangle
 .text.paintImage
                0x080008ec       0x52 ./Core/Src/ST7735.o
                0x080008ec                paintImage
 .text.from_byte_to_gpio_status
                0x0800093e       0x5a ./Core/Src/TinyQVmockup.o
                0x0800093e                from_byte_to_gpio_status
 .text.from_gpiostatus_to_byte
                0x08000998       0x66 ./Core/Src/TinyQVmockup.o
                0x08000998                from_gpiostatus_to_byte
 .text.writeGPIOSaddr_bus
                0x080009fe       0x5e ./Core/Src/TinyQVmockup.o
                0x080009fe                writeGPIOSaddr_bus
 .text.writeGPIOSdata_in_bus
                0x08000a5c       0xa4 ./Core/Src/TinyQVmockup.o
                0x08000a5c                writeGPIOSdata_in_bus
 .text.readGPIOSdata_out_bus
                0x08000b00       0xa8 ./Core/Src/TinyQVmockup.o
                0x08000b00                readGPIOSdata_out_bus
 .text.writeRegisterToPheripheral
                0x08000ba8       0x68 ./Core/Src/TinyQVmockup.o
                0x08000ba8                writeRegisterToPheripheral
 .text.readRegisterFromPheripheral
                0x08000c10       0x44 ./Core/Src/TinyQVmockup.o
                0x08000c10                readRegisterFromPheripheral
 .text.MX_DMA_Init
                0x08000c54       0x54 ./Core/Src/dma.o
                0x08000c54                MX_DMA_Init
 .text.MX_GPIO_Init
                0x08000ca8      0x180 ./Core/Src/gpio.o
                0x08000ca8                MX_GPIO_Init
 .text.frombytestocolor565
                0x08000e28       0x4c ./Core/Src/main.o
                0x08000e28                frombytestocolor565
 .text.main     0x08000e74       0xe0 ./Core/Src/main.o
                0x08000e74                main
 .text.SystemClock_Config
                0x08000f54       0x96 ./Core/Src/main.o
                0x08000f54                SystemClock_Config
 .text.Error_Handler
                0x08000fea        0xc ./Core/Src/main.o
                0x08000fea                Error_Handler
 *fill*         0x08000ff6        0x2 
 .text.MX_SPI1_Init
                0x08000ff8       0x7c ./Core/Src/spi.o
                0x08000ff8                MX_SPI1_Init
 .text.HAL_SPI_MspInit
                0x08001074       0x84 ./Core/Src/spi.o
                0x08001074                HAL_SPI_MspInit
 .text.HAL_MspInit
                0x080010f8       0x48 ./Core/Src/stm32g4xx_hal_msp.o
                0x080010f8                HAL_MspInit
 .text.NMI_Handler
                0x08001140        0x8 ./Core/Src/stm32g4xx_it.o
                0x08001140                NMI_Handler
 .text.HardFault_Handler
                0x08001148        0x8 ./Core/Src/stm32g4xx_it.o
                0x08001148                HardFault_Handler
 .text.MemManage_Handler
                0x08001150        0x8 ./Core/Src/stm32g4xx_it.o
                0x08001150                MemManage_Handler
 .text.BusFault_Handler
                0x08001158        0x8 ./Core/Src/stm32g4xx_it.o
                0x08001158                BusFault_Handler
 .text.UsageFault_Handler
                0x08001160        0x8 ./Core/Src/stm32g4xx_it.o
                0x08001160                UsageFault_Handler
 .text.SVC_Handler
                0x08001168        0xe ./Core/Src/stm32g4xx_it.o
                0x08001168                SVC_Handler
 .text.DebugMon_Handler
                0x08001176        0xe ./Core/Src/stm32g4xx_it.o
                0x08001176                DebugMon_Handler
 .text.PendSV_Handler
                0x08001184        0xe ./Core/Src/stm32g4xx_it.o
                0x08001184                PendSV_Handler
 .text.SysTick_Handler
                0x08001192        0xc ./Core/Src/stm32g4xx_it.o
                0x08001192                SysTick_Handler
 *fill*         0x0800119e        0x2 
 .text.DMA1_Channel1_IRQHandler
                0x080011a0       0x14 ./Core/Src/stm32g4xx_it.o
                0x080011a0                DMA1_Channel1_IRQHandler
 .text.SystemInit
                0x080011b4       0x24 ./Core/Src/system_stm32g4xx.o
                0x080011b4                SystemInit
 .text.MX_TIM2_Init
                0x080011d8       0xec ./Core/Src/tim.o
                0x080011d8                MX_TIM2_Init
 .text.HAL_TIM_Base_MspInit
                0x080012c4       0x94 ./Core/Src/tim.o
                0x080012c4                HAL_TIM_Base_MspInit
 .text.HAL_TIM_MspPostInit
                0x08001358       0x68 ./Core/Src/tim.o
                0x08001358                HAL_TIM_MspPostInit
 .text.Reset_Handler
                0x080013c0       0x50 ./Core/Startup/startup_stm32g474retx.o
                0x080013c0                Reset_Handler
 .text.Default_Handler
                0x08001410        0x2 ./Core/Startup/startup_stm32g474retx.o
                0x08001410                RTC_Alarm_IRQHandler
                0x08001410                EXTI2_IRQHandler
                0x08001410                TIM8_TRG_COM_IRQHandler
                0x08001410                TIM8_CC_IRQHandler
                0x08001410                HRTIM1_Master_IRQHandler
                0x08001410                SPI4_IRQHandler
                0x08001410                FDCAN3_IT0_IRQHandler
                0x08001410                TIM1_CC_IRQHandler
                0x08001410                HRTIM1_FLT_IRQHandler
                0x08001410                HRTIM1_TIMF_IRQHandler
                0x08001410                USB_HP_IRQHandler
                0x08001410                CORDIC_IRQHandler
                0x08001410                HRTIM1_TIMD_IRQHandler
                0x08001410                DMA2_Channel8_IRQHandler
                0x08001410                EXTI3_IRQHandler
                0x08001410                I2C3_ER_IRQHandler
                0x08001410                EXTI0_IRQHandler
                0x08001410                I2C2_EV_IRQHandler
                0x08001410                FPU_IRQHandler
                0x08001410                FDCAN1_IT1_IRQHandler
                0x08001410                TIM1_UP_TIM16_IRQHandler
                0x08001410                ADC1_2_IRQHandler
                0x08001410                HRTIM1_TIME_IRQHandler
                0x08001410                SPI1_IRQHandler
                0x08001410                TIM6_DAC_IRQHandler
                0x08001410                HRTIM1_TIMC_IRQHandler
                0x08001410                TIM8_UP_IRQHandler
                0x08001410                DMA2_Channel2_IRQHandler
                0x08001410                DMA1_Channel4_IRQHandler
                0x08001410                TIM20_TRG_COM_IRQHandler
                0x08001410                USART3_IRQHandler
                0x08001410                DMA1_Channel7_IRQHandler
                0x08001410                UART5_IRQHandler
                0x08001410                ADC3_IRQHandler
                0x08001410                TIM4_IRQHandler
                0x08001410                DMA2_Channel1_IRQHandler
                0x08001410                QUADSPI_IRQHandler
                0x08001410                I2C1_EV_IRQHandler
                0x08001410                DMA1_Channel6_IRQHandler
                0x08001410                UART4_IRQHandler
                0x08001410                DMA2_Channel4_IRQHandler
                0x08001410                TIM3_IRQHandler
                0x08001410                RCC_IRQHandler
                0x08001410                TIM20_UP_IRQHandler
                0x08001410                Default_Handler
                0x08001410                DMA2_Channel7_IRQHandler
                0x08001410                RTC_TAMP_LSECSS_IRQHandler
                0x08001410                FMAC_IRQHandler
                0x08001410                EXTI15_10_IRQHandler
                0x08001410                DMA1_Channel8_IRQHandler
                0x08001410                HRTIM1_TIMA_IRQHandler
                0x08001410                TIM7_DAC_IRQHandler
                0x08001410                FDCAN3_IT1_IRQHandler
                0x08001410                TIM5_IRQHandler
                0x08001410                UCPD1_IRQHandler
                0x08001410                I2C3_EV_IRQHandler
                0x08001410                EXTI9_5_IRQHandler
                0x08001410                RTC_WKUP_IRQHandler
                0x08001410                PVD_PVM_IRQHandler
                0x08001410                SPI2_IRQHandler
                0x08001410                ADC5_IRQHandler
                0x08001410                DMA2_Channel5_IRQHandler
                0x08001410                CRS_IRQHandler
                0x08001410                DMA1_Channel5_IRQHandler
                0x08001410                USB_LP_IRQHandler
                0x08001410                EXTI4_IRQHandler
                0x08001410                RNG_IRQHandler
                0x08001410                HRTIM1_TIMB_IRQHandler
                0x08001410                TIM1_TRG_COM_TIM17_IRQHandler
                0x08001410                FDCAN2_IT1_IRQHandler
                0x08001410                DMA1_Channel3_IRQHandler
                0x08001410                ADC4_IRQHandler
                0x08001410                WWDG_IRQHandler
                0x08001410                I2C4_EV_IRQHandler
                0x08001410                FDCAN2_IT0_IRQHandler
                0x08001410                LPUART1_IRQHandler
                0x08001410                DMA2_Channel6_IRQHandler
                0x08001410                FDCAN1_IT0_IRQHandler
                0x08001410                TIM2_IRQHandler
                0x08001410                COMP7_IRQHandler
                0x08001410                COMP1_2_3_IRQHandler
                0x08001410                EXTI1_IRQHandler
                0x08001410                USART2_IRQHandler
                0x08001410                COMP4_5_6_IRQHandler
                0x08001410                TIM20_BRK_IRQHandler
                0x08001410                I2C2_ER_IRQHandler
                0x08001410                DMA1_Channel2_IRQHandler
                0x08001410                TIM8_BRK_IRQHandler
                0x08001410                FLASH_IRQHandler
                0x08001410                TIM20_CC_IRQHandler
                0x08001410                USART1_IRQHandler
                0x08001410                SPI3_IRQHandler
                0x08001410                I2C1_ER_IRQHandler
                0x08001410                FMC_IRQHandler
                0x08001410                LPTIM1_IRQHandler
                0x08001410                DMAMUX_OVR_IRQHandler
                0x08001410                I2C4_ER_IRQHandler
                0x08001410                USBWakeUp_IRQHandler
                0x08001410                SAI1_IRQHandler
                0x08001410                DMA2_Channel3_IRQHandler
                0x08001410                TIM1_BRK_TIM15_IRQHandler
 .text.HAL_Init
                0x08001412       0x30 ./Drivers/STM32G4xx_HAL_Driver/Src/stm32g4xx_hal.o
                0x08001412                HAL_Init
 *fill*         0x08001442        0x2 
 .text.HAL_InitTick
                0x08001444       0x74 ./Drivers/STM32G4xx_HAL_Driver/Src/stm32g4xx_hal.o
                0x08001444                HAL_InitTick
 .text.HAL_IncTick
                0x080014b8       0x24 ./Drivers/STM32G4xx_HAL_Driver/Src/stm32g4xx_hal.o
                0x080014b8                HAL_IncTick
 .text.HAL_GetTick
                0x080014dc       0x18 ./Drivers/STM32G4xx_HAL_Driver/Src/stm32g4xx_hal.o
                0x080014dc                HAL_GetTick
 .text.HAL_Delay
                0x080014f4       0x44 ./Drivers/STM32G4xx_HAL_Driver/Src/stm32g4xx_hal.o
                0x080014f4                HAL_Delay
 .text.__NVIC_SetPriorityGrouping
                0x08001538       0x48 ./Drivers/STM32G4xx_HAL_Driver/Src/stm32g4xx_hal_cortex.o
 .text.__NVIC_GetPriorityGrouping
                0x08001580       0x1c ./Drivers/STM32G4xx_HAL_Driver/Src/stm32g4xx_hal_cortex.o
 .text.__NVIC_EnableIRQ
                0x0800159c       0x3c ./Drivers/STM32G4xx_HAL_Driver/Src/stm32g4xx_hal_cortex.o
 .text.__NVIC_SetPriority
                0x080015d8       0x54 ./Drivers/STM32G4xx_HAL_Driver/Src/stm32g4xx_hal_cortex.o
 .text.NVIC_EncodePriority
                0x0800162c       0x66 ./Drivers/STM32G4xx_HAL_Driver/Src/stm32g4xx_hal_cortex.o
 *fill*         0x08001692        0x2 
 .text.SysTick_Config
                0x08001694       0x44 ./Drivers/STM32G4xx_HAL_Driver/Src/stm32g4xx_hal_cortex.o
 .text.HAL_NVIC_SetPriorityGrouping
                0x080016d8       0x16 ./Drivers/STM32G4xx_HAL_Driver/Src/stm32g4xx_hal_cortex.o
                0x080016d8                HAL_NVIC_SetPriorityGrouping
 .text.HAL_NVIC_SetPriority
                0x080016ee       0x34 ./Drivers/STM32G4xx_HAL_Driver/Src/stm32g4xx_hal_cortex.o
                0x080016ee                HAL_NVIC_SetPriority
 .text.HAL_NVIC_EnableIRQ
                0x08001722       0x1c ./Drivers/STM32G4xx_HAL_Driver/Src/stm32g4xx_hal_cortex.o
                0x08001722                HAL_NVIC_EnableIRQ
 .text.HAL_SYSTICK_Config
                0x0800173e       0x18 ./Drivers/STM32G4xx_HAL_Driver/Src/stm32g4xx_hal_cortex.o
                0x0800173e                HAL_SYSTICK_Config
 *fill*         0x08001756        0x2 
 .text.HAL_DMA_Init
                0x08001758      0x150 ./Drivers/STM32G4xx_HAL_Driver/Src/stm32g4xx_hal_dma.o
                0x08001758                HAL_DMA_Init
 .text.HAL_DMA_IRQHandler
                0x080018a8      0x15e ./Drivers/STM32G4xx_HAL_Driver/Src/stm32g4xx_hal_dma.o
                0x080018a8                HAL_DMA_IRQHandler
 *fill*         0x08001a06        0x2 
 .text.DMA_CalcDMAMUXChannelBaseAndMask
                0x08001a08       0x7c ./Drivers/STM32G4xx_HAL_Driver/Src/stm32g4xx_hal_dma.o
 .text.DMA_CalcDMAMUXRequestGenBaseAndMask
                0x08001a84       0x48 ./Drivers/STM32G4xx_HAL_Driver/Src/stm32g4xx_hal_dma.o
 .text.HAL_GPIO_Init
                0x08001acc      0x304 ./Drivers/STM32G4xx_HAL_Driver/Src/stm32g4xx_hal_gpio.o
                0x08001acc                HAL_GPIO_Init
 .text.HAL_GPIO_ReadPin
                0x08001dd0       0x30 ./Drivers/STM32G4xx_HAL_Driver/Src/stm32g4xx_hal_gpio.o
                0x08001dd0                HAL_GPIO_ReadPin
 .text.HAL_GPIO_WritePin
                0x08001e00       0x30 ./Drivers/STM32G4xx_HAL_Driver/Src/stm32g4xx_hal_gpio.o
                0x08001e00                HAL_GPIO_WritePin
 .text.HAL_PWREx_ControlVoltageScaling
                0x08001e30      0x148 ./Drivers/STM32G4xx_HAL_Driver/Src/stm32g4xx_hal_pwr_ex.o
                0x08001e30                HAL_PWREx_ControlVoltageScaling
 .text.HAL_PWREx_DisableUCPDDeadBattery
                0x08001f78       0x20 ./Drivers/STM32G4xx_HAL_Driver/Src/stm32g4xx_hal_pwr_ex.o
                0x08001f78                HAL_PWREx_DisableUCPDDeadBattery
 .text.HAL_RCC_OscConfig
                0x08001f98      0x624 ./Drivers/STM32G4xx_HAL_Driver/Src/stm32g4xx_hal_rcc.o
                0x08001f98                HAL_RCC_OscConfig
 .text.HAL_RCC_ClockConfig
                0x080025bc      0x278 ./Drivers/STM32G4xx_HAL_Driver/Src/stm32g4xx_hal_rcc.o
                0x080025bc                HAL_RCC_ClockConfig
 .text.HAL_RCC_GetSysClockFreq
                0x08002834       0xc4 ./Drivers/STM32G4xx_HAL_Driver/Src/stm32g4xx_hal_rcc.o
                0x08002834                HAL_RCC_GetSysClockFreq
 .text.RCC_GetSysClockFreqFromPLLSource
                0x080028f8       0x8c ./Drivers/STM32G4xx_HAL_Driver/Src/stm32g4xx_hal_rcc.o
 .text.HAL_SPI_Init
                0x08002984      0x156 ./Drivers/STM32G4xx_HAL_Driver/Src/stm32g4xx_hal_spi.o
                0x08002984                HAL_SPI_Init
 .text.HAL_SPI_Transmit
                0x08002ada      0x2ec ./Drivers/STM32G4xx_HAL_Driver/Src/stm32g4xx_hal_spi.o
                0x08002ada                HAL_SPI_Transmit
 *fill*         0x08002dc6        0x2 
 .text.SPI_WaitFlagStateUntilTimeout
                0x08002dc8      0x110 ./Drivers/STM32G4xx_HAL_Driver/Src/stm32g4xx_hal_spi.o
 .text.SPI_WaitFifoStateUntilTimeout
                0x08002ed8      0x12c ./Drivers/STM32G4xx_HAL_Driver/Src/stm32g4xx_hal_spi.o
 .text.SPI_EndRxTxTransaction
                0x08003004       0x8c ./Drivers/STM32G4xx_HAL_Driver/Src/stm32g4xx_hal_spi.o
 .text.HAL_TIM_Base_Init
                0x08003090       0xae ./Drivers/STM32G4xx_HAL_Driver/Src/stm32g4xx_hal_tim.o
                0x08003090                HAL_TIM_Base_Init
 .text.HAL_TIM_PWM_Init
                0x0800313e       0xae ./Drivers/STM32G4xx_HAL_Driver/Src/stm32g4xx_hal_tim.o
                0x0800313e                HAL_TIM_PWM_Init
 .text.HAL_TIM_PWM_MspInit
                0x080031ec       0x14 ./Drivers/STM32G4xx_HAL_Driver/Src/stm32g4xx_hal_tim.o
                0x080031ec                HAL_TIM_PWM_MspInit
 .text.HAL_TIM_PWM_ConfigChannel
                0x08003200      0x228 ./Drivers/STM32G4xx_HAL_Driver/Src/stm32g4xx_hal_tim.o
                0x08003200                HAL_TIM_PWM_ConfigChannel
 .text.HAL_TIM_ConfigClockSource
                0x08003428      0x22c ./Drivers/STM32G4xx_HAL_Driver/Src/stm32g4xx_hal_tim.o
                0x08003428                HAL_TIM_ConfigClockSource
 .text.TIM_Base_SetConfig
                0x08003654      0x168 ./Drivers/STM32G4xx_HAL_Driver/Src/stm32g4xx_hal_tim.o
                0x08003654                TIM_Base_SetConfig
 .text.TIM_OC1_SetConfig
                0x080037bc      0x134 ./Drivers/STM32G4xx_HAL_Driver/Src/stm32g4xx_hal_tim.o
 .text.TIM_OC2_SetConfig
                0x080038f0      0x128 ./Drivers/STM32G4xx_HAL_Driver/Src/stm32g4xx_hal_tim.o
                0x080038f0                TIM_OC2_SetConfig
 .text.TIM_OC3_SetConfig
                0x08003a18      0x124 ./Drivers/STM32G4xx_HAL_Driver/Src/stm32g4xx_hal_tim.o
 .text.TIM_OC4_SetConfig
                0x08003b3c      0x128 ./Drivers/STM32G4xx_HAL_Driver/Src/stm32g4xx_hal_tim.o
 .text.TIM_OC5_SetConfig
                0x08003c64       0xd4 ./Drivers/STM32G4xx_HAL_Driver/Src/stm32g4xx_hal_tim.o
 .text.TIM_OC6_SetConfig
                0x08003d38       0xd8 ./Drivers/STM32G4xx_HAL_Driver/Src/stm32g4xx_hal_tim.o
 .text.TIM_TI1_ConfigInputStage
                0x08003e10       0x5e ./Drivers/STM32G4xx_HAL_Driver/Src/stm32g4xx_hal_tim.o
 .text.TIM_TI2_ConfigInputStage
                0x08003e6e       0x60 ./Drivers/STM32G4xx_HAL_Driver/Src/stm32g4xx_hal_tim.o
 .text.TIM_ITRx_SetConfig
                0x08003ece       0x3a ./Drivers/STM32G4xx_HAL_Driver/Src/stm32g4xx_hal_tim.o
 .text.TIM_ETR_SetConfig
                0x08003f08       0x40 ./Drivers/STM32G4xx_HAL_Driver/Src/stm32g4xx_hal_tim.o
                0x08003f08                TIM_ETR_SetConfig
 .text.HAL_TIMEx_MasterConfigSynchronization
                0x08003f48      0x12c ./Drivers/STM32G4xx_HAL_Driver/Src/stm32g4xx_hal_tim_ex.o
                0x08003f48                HAL_TIMEx_MasterConfigSynchronization
 .text.memset   0x08004074       0x10 C:/ST/STM32CubeIDE_1.16.0/STM32CubeIDE/plugins/com.st.stm32cube.ide.mcu.externaltools.gnu-tools-for-stm32.12.3.rel1.win32_1.0.200.202406191623/tools/bin/../lib/gcc/arm-none-eabi/12.3.1/../../../../arm-none-eabi/lib/thumb/v7e-m+fp/hard\libc_nano.a(libc_a-memset.o)
                0x08004074                memset
 .text.__libc_init_array
                0x08004084       0x48 C:/ST/STM32CubeIDE_1.16.0/STM32CubeIDE/plugins/com.st.stm32cube.ide.mcu.externaltools.gnu-tools-for-stm32.12.3.rel1.win32_1.0.200.202406191623/tools/bin/../lib/gcc/arm-none-eabi/12.3.1/../../../../arm-none-eabi/lib/thumb/v7e-m+fp/hard\libc_nano.a(libc_a-init.o)
                0x08004084                __libc_init_array
 *(.glue_7)
 .glue_7        0x080040cc        0x0 linker stubs
 *(.glue_7t)
 .glue_7t       0x080040cc        0x0 linker stubs
 *(.eh_frame)
 .eh_frame      0x080040cc        0x0 C:/ST/STM32CubeIDE_1.16.0/STM32CubeIDE/plugins/com.st.stm32cube.ide.mcu.externaltools.gnu-tools-for-stm32.12.3.rel1.win32_1.0.200.202406191623/tools/bin/../lib/gcc/arm-none-eabi/12.3.1/thumb/v7e-m+fp/hard/crtbegin.o
 *(.init)
 .init          0x080040cc        0x4 C:/ST/STM32CubeIDE_1.16.0/STM32CubeIDE/plugins/com.st.stm32cube.ide.mcu.externaltools.gnu-tools-for-stm32.12.3.rel1.win32_1.0.200.202406191623/tools/bin/../lib/gcc/arm-none-eabi/12.3.1/thumb/v7e-m+fp/hard/crti.o
                0x080040cc                _init
 .init          0x080040d0        0x8 C:/ST/STM32CubeIDE_1.16.0/STM32CubeIDE/plugins/com.st.stm32cube.ide.mcu.externaltools.gnu-tools-for-stm32.12.3.rel1.win32_1.0.200.202406191623/tools/bin/../lib/gcc/arm-none-eabi/12.3.1/thumb/v7e-m+fp/hard/crtn.o
 *(.fini)
 .fini          0x080040d8        0x4 C:/ST/STM32CubeIDE_1.16.0/STM32CubeIDE/plugins/com.st.stm32cube.ide.mcu.externaltools.gnu-tools-for-stm32.12.3.rel1.win32_1.0.200.202406191623/tools/bin/../lib/gcc/arm-none-eabi/12.3.1/thumb/v7e-m+fp/hard/crti.o
                0x080040d8                _fini
 .fini          0x080040dc        0x8 C:/ST/STM32CubeIDE_1.16.0/STM32CubeIDE/plugins/com.st.stm32cube.ide.mcu.externaltools.gnu-tools-for-stm32.12.3.rel1.win32_1.0.200.202406191623/tools/bin/../lib/gcc/arm-none-eabi/12.3.1/thumb/v7e-m+fp/hard/crtn.o
                0x080040e4                        . = ALIGN (0x4)
                0x080040e4                        _etext = .

.vfp11_veneer   0x080040e4        0x0
 .vfp11_veneer  0x080040e4        0x0 linker stubs

.v4_bx          0x080040e4        0x0
 .v4_bx         0x080040e4        0x0 linker stubs

.iplt           0x080040e4        0x0
 .iplt          0x080040e4        0x0 C:/ST/STM32CubeIDE_1.16.0/STM32CubeIDE/plugins/com.st.stm32cube.ide.mcu.externaltools.gnu-tools-for-stm32.12.3.rel1.win32_1.0.200.202406191623/tools/bin/../lib/gcc/arm-none-eabi/12.3.1/thumb/v7e-m+fp/hard/crtbegin.o

.rodata         0x080040e4     0xb3e0
                0x080040e4                        . = ALIGN (0x4)
 *(.rodata)
 .rodata        0x080040e4        0xf ./Core/Src/main.o
 *(.rodata*)
 *fill*         0x080040f3        0x1 
 .rodata.init_cmds1
                0x080040f4       0x38 ./Core/Src/ST7735.o
                0x080040f4                init_cmds1
 .rodata.init_cmds2
                0x0800412c        0xd ./Core/Src/ST7735.o
                0x0800412c                init_cmds2
 *fill*         0x08004139        0x3 
 .rodata.init_cmds3
                0x0800413c       0x2b ./Core/Src/ST7735.o
                0x0800413c                init_cmds3
 *fill*         0x08004167        0x1 
 .rodata.Font16x26
                0x08004168     0x134c ./Core/Src/fonts.o
 .rodata.image  0x080054b4     0xa000 ./Core/Src/image.o
                0x080054b4                image
 .rodata.AHBPrescTable
                0x0800f4b4       0x10 ./Core/Src/system_stm32g4xx.o
                0x0800f4b4                AHBPrescTable
                0x0800f4c4                        . = ALIGN (0x4)

.ARM.extab      0x0800f4c4        0x0
                0x0800f4c4                        . = ALIGN (0x4)
 *(.ARM.extab* .gnu.linkonce.armextab.*)
                0x0800f4c4                        . = ALIGN (0x4)

.ARM            0x0800f4c4        0x0
                0x0800f4c4                        . = ALIGN (0x4)
                0x0800f4c4                        __exidx_start = .
 *(.ARM.exidx*)
                0x0800f4c4                        __exidx_end = .
                0x0800f4c4                        . = ALIGN (0x4)

.preinit_array  0x0800f4c4        0x0
                0x0800f4c4                        . = ALIGN (0x4)
                0x0800f4c4                        PROVIDE (__preinit_array_start = .)
 *(.preinit_array*)
                0x0800f4c4                        PROVIDE (__preinit_array_end = .)
                0x0800f4c4                        . = ALIGN (0x4)

.init_array     0x0800f4c4        0x4
                0x0800f4c4                        . = ALIGN (0x4)
                0x0800f4c4                        PROVIDE (__init_array_start = .)
 *(SORT_BY_NAME(.init_array.*))
 *(.init_array*)
 .init_array    0x0800f4c4        0x4 C:/ST/STM32CubeIDE_1.16.0/STM32CubeIDE/plugins/com.st.stm32cube.ide.mcu.externaltools.gnu-tools-for-stm32.12.3.rel1.win32_1.0.200.202406191623/tools/bin/../lib/gcc/arm-none-eabi/12.3.1/thumb/v7e-m+fp/hard/crtbegin.o
                0x0800f4c8                        PROVIDE (__init_array_end = .)
                0x0800f4c8                        . = ALIGN (0x4)

.fini_array     0x0800f4c8        0x4
                0x0800f4c8                        . = ALIGN (0x4)
                [!provide]                        PROVIDE (__fini_array_start = .)
 *(SORT_BY_NAME(.fini_array.*))
 *(.fini_array*)
 .fini_array    0x0800f4c8        0x4 C:/ST/STM32CubeIDE_1.16.0/STM32CubeIDE/plugins/com.st.stm32cube.ide.mcu.externaltools.gnu-tools-for-stm32.12.3.rel1.win32_1.0.200.202406191623/tools/bin/../lib/gcc/arm-none-eabi/12.3.1/thumb/v7e-m+fp/hard/crtbegin.o
                [!provide]                        PROVIDE (__fini_array_end = .)
                0x0800f4cc                        . = ALIGN (0x4)
                0x0800f4cc                        _sidata = LOADADDR (.data)

.rel.dyn        0x0800f4cc        0x0
 .rel.iplt      0x0800f4cc        0x0 C:/ST/STM32CubeIDE_1.16.0/STM32CubeIDE/plugins/com.st.stm32cube.ide.mcu.externaltools.gnu-tools-for-stm32.12.3.rel1.win32_1.0.200.202406191623/tools/bin/../lib/gcc/arm-none-eabi/12.3.1/thumb/v7e-m+fp/hard/crtbegin.o

.data           0x20000000       0x14 load address 0x0800f4cc
                0x20000000                        . = ALIGN (0x4)
                0x20000000                        _sdata = .
 *(.data)
 *(.data*)
 .data.Font_16x26
                0x20000000        0x8 ./Core/Src/fonts.o
                0x20000000                Font_16x26
 .data.SystemCoreClock
                0x20000008        0x4 ./Core/Src/system_stm32g4xx.o
                0x20000008                SystemCoreClock
 .data.uwTickPrio
                0x2000000c        0x4 ./Drivers/STM32G4xx_HAL_Driver/Src/stm32g4xx_hal.o
                0x2000000c                uwTickPrio
 .data.uwTickFreq
                0x20000010        0x4 ./Drivers/STM32G4xx_HAL_Driver/Src/stm32g4xx_hal.o
                0x20000010                uwTickFreq
 *(.RamFunc)
 *(.RamFunc*)
                0x20000014                        . = ALIGN (0x4)
                0x20000014                        _edata = .

.igot.plt       0x20000014        0x0 load address 0x0800f4e0
 .igot.plt      0x20000014        0x0 C:/ST/STM32CubeIDE_1.16.0/STM32CubeIDE/plugins/com.st.stm32cube.ide.mcu.externaltools.gnu-tools-for-stm32.12.3.rel1.win32_1.0.200.202406191623/tools/bin/../lib/gcc/arm-none-eabi/12.3.1/thumb/v7e-m+fp/hard/crtbegin.o
                0x20000014                        . = ALIGN (0x4)

.bss            0x20000014      0x154 load address 0x0800f4e0
                0x20000014                        _sbss = .
                0x20000014                        __bss_start__ = _sbss
 *(.bss)
 .bss           0x20000014       0x1c C:/ST/STM32CubeIDE_1.16.0/STM32CubeIDE/plugins/com.st.stm32cube.ide.mcu.externaltools.gnu-tools-for-stm32.12.3.rel1.win32_1.0.200.202406191623/tools/bin/../lib/gcc/arm-none-eabi/12.3.1/thumb/v7e-m+fp/hard/crtbegin.o
 *(.bss*)
 .bss._width    0x20000030        0x2 ./Core/Src/ST7735.o
                0x20000030                _width
 .bss._height   0x20000032        0x2 ./Core/Src/ST7735.o
                0x20000032                _height
 .bss.rotation  0x20000034        0x1 ./Core/Src/ST7735.o
                0x20000034                rotation
 .bss._colstart
                0x20000035        0x1 ./Core/Src/ST7735.o
                0x20000035                _colstart
 .bss._rowstart
                0x20000036        0x1 ./Core/Src/ST7735.o
                0x20000036                _rowstart
 .bss._xstart   0x20000037        0x1 ./Core/Src/ST7735.o
                0x20000037                _xstart
 .bss._ystart   0x20000038        0x1 ./Core/Src/ST7735.o
                0x20000038                _ystart
 *fill*         0x20000039        0x3 
 .bss.addr_bus  0x2000003c        0x4 ./Core/Src/TinyQVmockup.o
                0x2000003c                addr_bus
 .bss.data_in_bus
                0x20000040        0x8 ./Core/Src/TinyQVmockup.o
                0x20000040                data_in_bus
 .bss.data_out_bus
                0x20000048        0x8 ./Core/Src/TinyQVmockup.o
                0x20000048                data_out_bus
 .bss.red       0x20000050        0x1 ./Core/Src/main.o
                0x20000050                red
 .bss.green     0x20000051        0x1 ./Core/Src/main.o
                0x20000051                green
 .bss.blue      0x20000052        0x1 ./Core/Src/main.o
                0x20000052                blue
 *fill*         0x20000053        0x1 
 .bss.hspi1     0x20000054       0x64 ./Core/Src/spi.o
                0x20000054                hspi1
 .bss.htim2     0x200000b8       0x4c ./Core/Src/tim.o
                0x200000b8                htim2
 .bss.hdma_tim2_ch1
                0x20000104       0x60 ./Core/Src/tim.o
                0x20000104                hdma_tim2_ch1
 .bss.uwTick    0x20000164        0x4 ./Drivers/STM32G4xx_HAL_Driver/Src/stm32g4xx_hal.o
                0x20000164                uwTick
 *(COMMON)
                0x20000168                        . = ALIGN (0x4)
                0x20000168                        _ebss = .
                0x20000168                        __bss_end__ = _ebss

._user_heap_stack
                0x20000168      0x600 load address 0x0800f4e0
                0x20000168                        . = ALIGN (0x8)
                [!provide]                        PROVIDE (end = .)
                0x20000168                        PROVIDE (_end = .)
                0x20000368                        . = (. + _Min_Heap_Size)
 *fill*         0x20000168      0x200 
                0x20000768                        . = (. + _Min_Stack_Size)
 *fill*         0x20000368      0x400 
                0x20000768                        . = ALIGN (0x8)

/DISCARD/
 libc.a(*)
 libm.a(*)
 libgcc.a(*)

.ARM.attributes
                0x00000000       0x30
 *(.ARM.attributes)
 .ARM.attributes
                0x00000000       0x22 C:/ST/STM32CubeIDE_1.16.0/STM32CubeIDE/plugins/com.st.stm32cube.ide.mcu.externaltools.gnu-tools-for-stm32.12.3.rel1.win32_1.0.200.202406191623/tools/bin/../lib/gcc/arm-none-eabi/12.3.1/thumb/v7e-m+fp/hard/crti.o
 .ARM.attributes
                0x00000022       0x34 C:/ST/STM32CubeIDE_1.16.0/STM32CubeIDE/plugins/com.st.stm32cube.ide.mcu.externaltools.gnu-tools-for-stm32.12.3.rel1.win32_1.0.200.202406191623/tools/bin/../lib/gcc/arm-none-eabi/12.3.1/thumb/v7e-m+fp/hard/crtbegin.o
 .ARM.attributes
                0x00000056       0x34 ./Core/Src/GFX_FUNCTIONS.o
 .ARM.attributes
                0x0000008a       0x34 ./Core/Src/ST7735.o
 .ARM.attributes
                0x000000be       0x34 ./Core/Src/TinyQVmockup.o
 .ARM.attributes
                0x000000f2       0x34 ./Core/Src/dma.o
 .ARM.attributes
                0x00000126       0x34 ./Core/Src/fonts.o
 .ARM.attributes
                0x0000015a       0x34 ./Core/Src/gpio.o
 .ARM.attributes
                0x0000018e       0x34 ./Core/Src/image.o
 .ARM.attributes
                0x000001c2       0x34 ./Core/Src/main.o
 .ARM.attributes
                0x000001f6       0x34 ./Core/Src/spi.o
 .ARM.attributes
                0x0000022a       0x34 ./Core/Src/stm32g4xx_hal_msp.o
 .ARM.attributes
                0x0000025e       0x34 ./Core/Src/stm32g4xx_it.o
 .ARM.attributes
                0x00000292       0x34 ./Core/Src/system_stm32g4xx.o
 .ARM.attributes
                0x000002c6       0x34 ./Core/Src/tim.o
 .ARM.attributes
                0x000002fa       0x21 ./Core/Startup/startup_stm32g474retx.o
 .ARM.attributes
                0x0000031b       0x34 ./Drivers/STM32G4xx_HAL_Driver/Src/stm32g4xx_hal.o
 .ARM.attributes
                0x0000034f       0x34 ./Drivers/STM32G4xx_HAL_Driver/Src/stm32g4xx_hal_cortex.o
 .ARM.attributes
                0x00000383       0x34 ./Drivers/STM32G4xx_HAL_Driver/Src/stm32g4xx_hal_dma.o
 .ARM.attributes
                0x000003b7       0x34 ./Drivers/STM32G4xx_HAL_Driver/Src/stm32g4xx_hal_gpio.o
 .ARM.attributes
                0x000003eb       0x34 ./Drivers/STM32G4xx_HAL_Driver/Src/stm32g4xx_hal_pwr_ex.o
 .ARM.attributes
                0x0000041f       0x34 ./Drivers/STM32G4xx_HAL_Driver/Src/stm32g4xx_hal_rcc.o
 .ARM.attributes
                0x00000453       0x34 ./Drivers/STM32G4xx_HAL_Driver/Src/stm32g4xx_hal_spi.o
 .ARM.attributes
                0x00000487       0x34 ./Drivers/STM32G4xx_HAL_Driver/Src/stm32g4xx_hal_tim.o
 .ARM.attributes
                0x000004bb       0x34 ./Drivers/STM32G4xx_HAL_Driver/Src/stm32g4xx_hal_tim_ex.o
 .ARM.attributes
                0x000004ef       0x34 C:/ST/STM32CubeIDE_1.16.0/STM32CubeIDE/plugins/com.st.stm32cube.ide.mcu.externaltools.gnu-tools-for-stm32.12.3.rel1.win32_1.0.200.202406191623/tools/bin/../lib/gcc/arm-none-eabi/12.3.1/../../../../arm-none-eabi/lib/thumb/v7e-m+fp/hard\libc_nano.a(libc_a-memset.o)
 .ARM.attributes
                0x00000523       0x34 C:/ST/STM32CubeIDE_1.16.0/STM32CubeIDE/plugins/com.st.stm32cube.ide.mcu.externaltools.gnu-tools-for-stm32.12.3.rel1.win32_1.0.200.202406191623/tools/bin/../lib/gcc/arm-none-eabi/12.3.1/../../../../arm-none-eabi/lib/thumb/v7e-m+fp/hard\libc_nano.a(libc_a-init.o)
 .ARM.attributes
                0x00000557       0x22 C:/ST/STM32CubeIDE_1.16.0/STM32CubeIDE/plugins/com.st.stm32cube.ide.mcu.externaltools.gnu-tools-for-stm32.12.3.rel1.win32_1.0.200.202406191623/tools/bin/../lib/gcc/arm-none-eabi/12.3.1/thumb/v7e-m+fp/hard/crtn.o
OUTPUT(TiniQVprocessormockup.elf elf32-littlearm)
LOAD linker stubs
LOAD C:/ST/STM32CubeIDE_1.16.0/STM32CubeIDE/plugins/com.st.stm32cube.ide.mcu.externaltools.gnu-tools-for-stm32.12.3.rel1.win32_1.0.200.202406191623/tools/bin/../lib/gcc/arm-none-eabi/12.3.1/../../../../arm-none-eabi/lib/thumb/v7e-m+fp/hard\libc.a
LOAD C:/ST/STM32CubeIDE_1.16.0/STM32CubeIDE/plugins/com.st.stm32cube.ide.mcu.externaltools.gnu-tools-for-stm32.12.3.rel1.win32_1.0.200.202406191623/tools/bin/../lib/gcc/arm-none-eabi/12.3.1/../../../../arm-none-eabi/lib/thumb/v7e-m+fp/hard\libm.a
LOAD C:/ST/STM32CubeIDE_1.16.0/STM32CubeIDE/plugins/com.st.stm32cube.ide.mcu.externaltools.gnu-tools-for-stm32.12.3.rel1.win32_1.0.200.202406191623/tools/bin/../lib/gcc/arm-none-eabi/12.3.1/thumb/v7e-m+fp/hard\libgcc.a

.debug_info     0x00000000     0xf742
 .debug_info    0x00000000      0xe3f ./Core/Src/GFX_FUNCTIONS.o
 .debug_info    0x00000e3f      0xe19 ./Core/Src/ST7735.o
 .debug_info    0x00001c58      0x3cf ./Core/Src/TinyQVmockup.o
 .debug_info    0x00002027      0x5ac ./Core/Src/dma.o
 .debug_info    0x000025d3      0x19a ./Core/Src/fonts.o
 .debug_info    0x0000276d      0x49b ./Core/Src/gpio.o
 .debug_info    0x00002c08       0xbb ./Core/Src/image.o
 .debug_info    0x00002cc3      0x556 ./Core/Src/main.o
 .debug_info    0x00003219      0xaf6 ./Core/Src/spi.o
 .debug_info    0x00003d0f      0x2da ./Core/Src/stm32g4xx_hal_msp.o
 .debug_info    0x00003fe9      0x472 ./Core/Src/stm32g4xx_it.o
 .debug_info    0x0000445b      0x58e ./Core/Src/system_stm32g4xx.o
 .debug_info    0x000049e9      0xe5c ./Core/Src/tim.o
 .debug_info    0x00005845       0x30 ./Core/Startup/startup_stm32g474retx.o
 .debug_info    0x00005875      0xb95 ./Drivers/STM32G4xx_HAL_Driver/Src/stm32g4xx_hal.o
 .debug_info    0x0000640a      0xdf9 ./Drivers/STM32G4xx_HAL_Driver/Src/stm32g4xx_hal_cortex.o
 .debug_info    0x00007203      0x85f ./Drivers/STM32G4xx_HAL_Driver/Src/stm32g4xx_hal_dma.o
 .debug_info    0x00007a62      0x763 ./Drivers/STM32G4xx_HAL_Driver/Src/stm32g4xx_hal_gpio.o
 .debug_info    0x000081c5      0x93f ./Drivers/STM32G4xx_HAL_Driver/Src/stm32g4xx_hal_pwr_ex.o
 .debug_info    0x00008b04      0xbe0 ./Drivers/STM32G4xx_HAL_Driver/Src/stm32g4xx_hal_rcc.o
 .debug_info    0x000096e4     0x1677 ./Drivers/STM32G4xx_HAL_Driver/Src/stm32g4xx_hal_spi.o
 .debug_info    0x0000ad5b     0x2c52 ./Drivers/STM32G4xx_HAL_Driver/Src/stm32g4xx_hal_tim.o
 .debug_info    0x0000d9ad     0x1d95 ./Drivers/STM32G4xx_HAL_Driver/Src/stm32g4xx_hal_tim_ex.o

.debug_abbrev   0x00000000     0x293b
 .debug_abbrev  0x00000000      0x1b0 ./Core/Src/GFX_FUNCTIONS.o
 .debug_abbrev  0x000001b0      0x26d ./Core/Src/ST7735.o
 .debug_abbrev  0x0000041d      0x1c6 ./Core/Src/TinyQVmockup.o
 .debug_abbrev  0x000005e3      0x109 ./Core/Src/dma.o
 .debug_abbrev  0x000006ec       0xb3 ./Core/Src/fonts.o
 .debug_abbrev  0x0000079f      0x152 ./Core/Src/gpio.o
 .debug_abbrev  0x000008f1       0x72 ./Core/Src/image.o
 .debug_abbrev  0x00000963      0x229 ./Core/Src/main.o
 .debug_abbrev  0x00000b8c      0x1f6 ./Core/Src/spi.o
 .debug_abbrev  0x00000d82       0xd9 ./Core/Src/stm32g4xx_hal_msp.o
 .debug_abbrev  0x00000e5b      0x16a ./Core/Src/stm32g4xx_it.o
 .debug_abbrev  0x00000fc5      0x11a ./Core/Src/system_stm32g4xx.o
 .debug_abbrev  0x000010df      0x240 ./Core/Src/tim.o
 .debug_abbrev  0x0000131f       0x24 ./Core/Startup/startup_stm32g474retx.o
 .debug_abbrev  0x00001343      0x271 ./Drivers/STM32G4xx_HAL_Driver/Src/stm32g4xx_hal.o
 .debug_abbrev  0x000015b4      0x31c ./Drivers/STM32G4xx_HAL_Driver/Src/stm32g4xx_hal_cortex.o
 .debug_abbrev  0x000018d0      0x1e2 ./Drivers/STM32G4xx_HAL_Driver/Src/stm32g4xx_hal_dma.o
 .debug_abbrev  0x00001ab2      0x1cb ./Drivers/STM32G4xx_HAL_Driver/Src/stm32g4xx_hal_gpio.o
 .debug_abbrev  0x00001c7d      0x22c ./Drivers/STM32G4xx_HAL_Driver/Src/stm32g4xx_hal_pwr_ex.o
 .debug_abbrev  0x00001ea9      0x2c9 ./Drivers/STM32G4xx_HAL_Driver/Src/stm32g4xx_hal_rcc.o
 .debug_abbrev  0x00002172      0x25d ./Drivers/STM32G4xx_HAL_Driver/Src/stm32g4xx_hal_spi.o
 .debug_abbrev  0x000023cf      0x2a7 ./Drivers/STM32G4xx_HAL_Driver/Src/stm32g4xx_hal_tim.o
 .debug_abbrev  0x00002676      0x2c5 ./Drivers/STM32G4xx_HAL_Driver/Src/stm32g4xx_hal_tim_ex.o

.debug_aranges  0x00000000     0x10f8
 .debug_aranges
                0x00000000      0x100 ./Core/Src/GFX_FUNCTIONS.o
 .debug_aranges
                0x00000100       0x98 ./Core/Src/ST7735.o
 .debug_aranges
                0x00000198       0x50 ./Core/Src/TinyQVmockup.o
 .debug_aranges
                0x000001e8       0x20 ./Core/Src/dma.o
 .debug_aranges
                0x00000208       0x18 ./Core/Src/fonts.o
 .debug_aranges
                0x00000220       0x20 ./Core/Src/gpio.o
 .debug_aranges
                0x00000240       0x18 ./Core/Src/image.o
 .debug_aranges
                0x00000258       0x38 ./Core/Src/main.o
 .debug_aranges
                0x00000290       0x30 ./Core/Src/spi.o
 .debug_aranges
                0x000002c0       0x20 ./Core/Src/stm32g4xx_hal_msp.o
 .debug_aranges
                0x000002e0       0x68 ./Core/Src/stm32g4xx_it.o
 .debug_aranges
                0x00000348       0x28 ./Core/Src/system_stm32g4xx.o
 .debug_aranges
                0x00000370       0x38 ./Core/Src/tim.o
 .debug_aranges
                0x000003a8       0x28 ./Core/Startup/startup_stm32g474retx.o
 .debug_aranges
                0x000003d0      0x148 ./Drivers/STM32G4xx_HAL_Driver/Src/stm32g4xx_hal.o
 .debug_aranges
                0x00000518      0x128 ./Drivers/STM32G4xx_HAL_Driver/Src/stm32g4xx_hal_cortex.o
 .debug_aranges
                0x00000640       0x90 ./Drivers/STM32G4xx_HAL_Driver/Src/stm32g4xx_hal_dma.o
 .debug_aranges
                0x000006d0       0x58 ./Drivers/STM32G4xx_HAL_Driver/Src/stm32g4xx_hal_gpio.o
 .debug_aranges
                0x00000728      0x140 ./Drivers/STM32G4xx_HAL_Driver/Src/stm32g4xx_hal_pwr_ex.o
 .debug_aranges
                0x00000868       0x98 ./Drivers/STM32G4xx_HAL_Driver/Src/stm32g4xx_hal_rcc.o
 .debug_aranges
                0x00000900      0x1d8 ./Drivers/STM32G4xx_HAL_Driver/Src/stm32g4xx_hal_spi.o
 .debug_aranges
                0x00000ad8      0x3e0 ./Drivers/STM32G4xx_HAL_Driver/Src/stm32g4xx_hal_tim.o
 .debug_aranges
                0x00000eb8      0x240 ./Drivers/STM32G4xx_HAL_Driver/Src/stm32g4xx_hal_tim_ex.o

.debug_rnglists
                0x00000000      0xcea
 .debug_rnglists
                0x00000000       0xcd ./Core/Src/GFX_FUNCTIONS.o
 .debug_rnglists
                0x000000cd       0x74 ./Core/Src/ST7735.o
 .debug_rnglists
                0x00000141       0x39 ./Core/Src/TinyQVmockup.o
 .debug_rnglists
                0x0000017a       0x13 ./Core/Src/dma.o
 .debug_rnglists
                0x0000018d       0x14 ./Core/Src/gpio.o
 .debug_rnglists
                0x000001a1       0x27 ./Core/Src/main.o
 .debug_rnglists
                0x000001c8       0x20 ./Core/Src/spi.o
 .debug_rnglists
                0x000001e8       0x13 ./Core/Src/stm32g4xx_hal_msp.o
 .debug_rnglists
                0x000001fb       0x49 ./Core/Src/stm32g4xx_it.o
 .debug_rnglists
                0x00000244       0x1a ./Core/Src/system_stm32g4xx.o
 .debug_rnglists
                0x0000025e       0x27 ./Core/Src/tim.o
 .debug_rnglists
                0x00000285       0x19 ./Core/Startup/startup_stm32g474retx.o
 .debug_rnglists
                0x0000029e       0xf1 ./Drivers/STM32G4xx_HAL_Driver/Src/stm32g4xx_hal.o
 .debug_rnglists
                0x0000038f       0xda ./Drivers/STM32G4xx_HAL_Driver/Src/stm32g4xx_hal_cortex.o
 .debug_rnglists
                0x00000469       0x71 ./Drivers/STM32G4xx_HAL_Driver/Src/stm32g4xx_hal_dma.o
 .debug_rnglists
                0x000004da       0x3f ./Drivers/STM32G4xx_HAL_Driver/Src/stm32g4xx_hal_gpio.o
 .debug_rnglists
                0x00000519       0xf1 ./Drivers/STM32G4xx_HAL_Driver/Src/stm32g4xx_hal_pwr_ex.o
 .debug_rnglists
                0x0000060a       0x74 ./Drivers/STM32G4xx_HAL_Driver/Src/stm32g4xx_hal_rcc.o
 .debug_rnglists
                0x0000067e      0x178 ./Drivers/STM32G4xx_HAL_Driver/Src/stm32g4xx_hal_spi.o
 .debug_rnglists
                0x000007f6      0x328 ./Drivers/STM32G4xx_HAL_Driver/Src/stm32g4xx_hal_tim.o
 .debug_rnglists
                0x00000b1e      0x1cc ./Drivers/STM32G4xx_HAL_Driver/Src/stm32g4xx_hal_tim_ex.o

.debug_macro    0x00000000    0x26bfe
 .debug_macro   0x00000000      0x2dc ./Core/Src/GFX_FUNCTIONS.o
 .debug_macro   0x000002dc      0xab4 ./Core/Src/GFX_FUNCTIONS.o
 .debug_macro   0x00000d90       0x22 ./Core/Src/GFX_FUNCTIONS.o
 .debug_macro   0x00000db2       0x8e ./Core/Src/GFX_FUNCTIONS.o
 .debug_macro   0x00000e40       0x51 ./Core/Src/GFX_FUNCTIONS.o
 .debug_macro   0x00000e91      0x103 ./Core/Src/GFX_FUNCTIONS.o
 .debug_macro   0x00000f94       0x6a ./Core/Src/GFX_FUNCTIONS.o
 .debug_macro   0x00000ffe      0x1df ./Core/Src/GFX_FUNCTIONS.o
 .debug_macro   0x000011dd      0x15b ./Core/Src/GFX_FUNCTIONS.o
 .debug_macro   0x00001338       0x2e ./Core/Src/GFX_FUNCTIONS.o
 .debug_macro   0x00001366       0x28 ./Core/Src/GFX_FUNCTIONS.o
 .debug_macro   0x0000138e       0x1c ./Core/Src/GFX_FUNCTIONS.o
 .debug_macro   0x000013aa       0x22 ./Core/Src/GFX_FUNCTIONS.o
 .debug_macro   0x000013cc       0xfb ./Core/Src/GFX_FUNCTIONS.o
 .debug_macro   0x000014c7     0x1011 ./Core/Src/GFX_FUNCTIONS.o
 .debug_macro   0x000024d8      0x11f ./Core/Src/GFX_FUNCTIONS.o
 .debug_macro   0x000025f7    0x18b8c ./Core/Src/GFX_FUNCTIONS.o
 .debug_macro   0x0001b183       0x6d ./Core/Src/GFX_FUNCTIONS.o
 .debug_macro   0x0001b1f0     0x3558 ./Core/Src/GFX_FUNCTIONS.o
 .debug_macro   0x0001e748      0x189 ./Core/Src/GFX_FUNCTIONS.o
 .debug_macro   0x0001e8d1       0x5c ./Core/Src/GFX_FUNCTIONS.o
 .debug_macro   0x0001e92d     0x171f ./Core/Src/GFX_FUNCTIONS.o
 .debug_macro   0x0002004c      0x600 ./Core/Src/GFX_FUNCTIONS.o
 .debug_macro   0x0002064c      0x1b6 ./Core/Src/GFX_FUNCTIONS.o
 .debug_macro   0x00020802      0x34a ./Core/Src/GFX_FUNCTIONS.o
 .debug_macro   0x00020b4c      0x53c ./Core/Src/GFX_FUNCTIONS.o
 .debug_macro   0x00021088      0x18b ./Core/Src/GFX_FUNCTIONS.o
 .debug_macro   0x00021213       0x43 ./Core/Src/GFX_FUNCTIONS.o
 .debug_macro   0x00021256      0x23d ./Core/Src/GFX_FUNCTIONS.o
 .debug_macro   0x00021493      0x211 ./Core/Src/GFX_FUNCTIONS.o
 .debug_macro   0x000216a4      0x45c ./Core/Src/GFX_FUNCTIONS.o
 .debug_macro   0x00021b00      0x11c ./Core/Src/GFX_FUNCTIONS.o
 .debug_macro   0x00021c1c      0x122 ./Core/Src/GFX_FUNCTIONS.o
 .debug_macro   0x00021d3e      0x3d1 ./Core/Src/GFX_FUNCTIONS.o
 .debug_macro   0x0002210f      0x2fe ./Core/Src/GFX_FUNCTIONS.o
 .debug_macro   0x0002240d      0xc0b ./Core/Src/GFX_FUNCTIONS.o
 .debug_macro   0x00023018      0x718 ./Core/Src/GFX_FUNCTIONS.o
 .debug_macro   0x00023730      0x358 ./Core/Src/GFX_FUNCTIONS.o
 .debug_macro   0x00023a88       0x22 ./Core/Src/GFX_FUNCTIONS.o
 .debug_macro   0x00023aaa      0x12a ./Core/Src/GFX_FUNCTIONS.o
 .debug_macro   0x00023bd4      0x184 ./Core/Src/GFX_FUNCTIONS.o
 .debug_macro   0x00023d58       0x2a ./Core/Src/GFX_FUNCTIONS.o
 .debug_macro   0x00023d82       0x61 ./Core/Src/GFX_FUNCTIONS.o
 .debug_macro   0x00023de3       0x43 ./Core/Src/GFX_FUNCTIONS.o
 .debug_macro   0x00023e26       0x34 ./Core/Src/GFX_FUNCTIONS.o
 .debug_macro   0x00023e5a       0x16 ./Core/Src/GFX_FUNCTIONS.o
 .debug_macro   0x00023e70       0x35 ./Core/Src/GFX_FUNCTIONS.o
 .debug_macro   0x00023ea5       0x16 ./Core/Src/GFX_FUNCTIONS.o
 .debug_macro   0x00023ebb       0x43 ./Core/Src/GFX_FUNCTIONS.o
 .debug_macro   0x00023efe       0x34 ./Core/Src/GFX_FUNCTIONS.o
 .debug_macro   0x00023f32       0x10 ./Core/Src/GFX_FUNCTIONS.o
 .debug_macro   0x00023f42       0x58 ./Core/Src/GFX_FUNCTIONS.o
 .debug_macro   0x00023f9a       0x8e ./Core/Src/GFX_FUNCTIONS.o
 .debug_macro   0x00024028       0x1c ./Core/Src/GFX_FUNCTIONS.o
 .debug_macro   0x00024044      0x177 ./Core/Src/GFX_FUNCTIONS.o
 .debug_macro   0x000241bb      0x369 ./Core/Src/GFX_FUNCTIONS.o
 .debug_macro   0x00024524       0x16 ./Core/Src/GFX_FUNCTIONS.o
 .debug_macro   0x0002453a       0x29 ./Core/Src/GFX_FUNCTIONS.o
 .debug_macro   0x00024563      0x204 ./Core/Src/ST7735.o
 .debug_macro   0x00024767      0x1f2 ./Core/Src/TinyQVmockup.o
 .debug_macro   0x00024959      0x124 ./Core/Src/TinyQVmockup.o
 .debug_macro   0x00024a7d      0x1e8 ./Core/Src/dma.o
 .debug_macro   0x00024c65       0x6d ./Core/Src/fonts.o
 .debug_macro   0x00024cd2      0x1e8 ./Core/Src/gpio.o
 .debug_macro   0x00024eba       0x6d ./Core/Src/image.o
 .debug_macro   0x00024f27      0x254 ./Core/Src/main.o
 .debug_macro   0x0002517b      0x1e8 ./Core/Src/spi.o
 .debug_macro   0x00025363      0x1de ./Core/Src/stm32g4xx_hal_msp.o
 .debug_macro   0x00025541      0x1e8 ./Core/Src/stm32g4xx_it.o
 .debug_macro   0x00025729      0x1cf ./Core/Src/system_stm32g4xx.o
 .debug_macro   0x000258f8      0x1e8 ./Core/Src/tim.o
 .debug_macro   0x00025ae0      0x21d ./Drivers/STM32G4xx_HAL_Driver/Src/stm32g4xx_hal.o
 .debug_macro   0x00025cfd      0x1cf ./Drivers/STM32G4xx_HAL_Driver/Src/stm32g4xx_hal_cortex.o
 .debug_macro   0x00025ecc      0x1cf ./Drivers/STM32G4xx_HAL_Driver/Src/stm32g4xx_hal_dma.o
 .debug_macro   0x0002609b      0x1d6 ./Drivers/STM32G4xx_HAL_Driver/Src/stm32g4xx_hal_gpio.o
 .debug_macro   0x00026271      0x1f9 ./Drivers/STM32G4xx_HAL_Driver/Src/stm32g4xx_hal_pwr_ex.o
 .debug_macro   0x0002646a      0x211 ./Drivers/STM32G4xx_HAL_Driver/Src/stm32g4xx_hal_rcc.o
 .debug_macro   0x0002667b      0x1d7 ./Drivers/STM32G4xx_HAL_Driver/Src/stm32g4xx_hal_spi.o
 .debug_macro   0x00026852      0x1d7 ./Drivers/STM32G4xx_HAL_Driver/Src/stm32g4xx_hal_tim.o
 .debug_macro   0x00026a29      0x1d5 ./Drivers/STM32G4xx_HAL_Driver/Src/stm32g4xx_hal_tim_ex.o

.debug_line     0x00000000    0x143fb
 .debug_line    0x00000000     0x1569 ./Core/Src/GFX_FUNCTIONS.o
 .debug_line    0x00001569      0xbe3 ./Core/Src/ST7735.o
 .debug_line    0x0000214c      0x919 ./Core/Src/TinyQVmockup.o
 .debug_line    0x00002a65      0x764 ./Core/Src/dma.o
 .debug_line    0x000031c9      0x412 ./Core/Src/fonts.o
 .debug_line    0x000035db      0x7b6 ./Core/Src/gpio.o
 .debug_line    0x00003d91      0x412 ./Core/Src/image.o
 .debug_line    0x000041a3      0x8af ./Core/Src/main.o
 .debug_line    0x00004a52      0x7e0 ./Core/Src/spi.o
 .debug_line    0x00005232      0x768 ./Core/Src/stm32g4xx_hal_msp.o
 .debug_line    0x0000599a      0x842 ./Core/Src/stm32g4xx_it.o
 .debug_line    0x000061dc      0x7d4 ./Core/Src/system_stm32g4xx.o
 .debug_line    0x000069b0      0x849 ./Core/Src/tim.o
 .debug_line    0x000071f9       0x7b ./Core/Startup/startup_stm32g474retx.o
 .debug_line    0x00007274      0xb90 ./Drivers/STM32G4xx_HAL_Driver/Src/stm32g4xx_hal.o
 .debug_line    0x00007e04      0xd23 ./Drivers/STM32G4xx_HAL_Driver/Src/stm32g4xx_hal_cortex.o
 .debug_line    0x00008b27      0xeba ./Drivers/STM32G4xx_HAL_Driver/Src/stm32g4xx_hal_dma.o
 .debug_line    0x000099e1      0xba9 ./Drivers/STM32G4xx_HAL_Driver/Src/stm32g4xx_hal_gpio.o
 .debug_line    0x0000a58a      0xcff ./Drivers/STM32G4xx_HAL_Driver/Src/stm32g4xx_hal_pwr_ex.o
 .debug_line    0x0000b289      0xf5b ./Drivers/STM32G4xx_HAL_Driver/Src/stm32g4xx_hal_rcc.o
 .debug_line    0x0000c1e4     0x2034 ./Drivers/STM32G4xx_HAL_Driver/Src/stm32g4xx_hal_spi.o
 .debug_line    0x0000e218     0x4050 ./Drivers/STM32G4xx_HAL_Driver/Src/stm32g4xx_hal_tim.o
 .debug_line    0x00012268     0x2193 ./Drivers/STM32G4xx_HAL_Driver/Src/stm32g4xx_hal_tim_ex.o

.debug_str      0x00000000    0xf7c66
 .debug_str     0x00000000    0xf2df9 ./Core/Src/GFX_FUNCTIONS.o
                              0xf30d0 (size before relaxing)
 .debug_str     0x000f2df9      0x6f0 ./Core/Src/ST7735.o
                              0xf0409 (size before relaxing)
 .debug_str     0x000f34e9      0x132 ./Core/Src/TinyQVmockup.o
                              0xef906 (size before relaxing)
 .debug_str     0x000f361b      0x7d7 ./Core/Src/dma.o
                              0xefedb (size before relaxing)
 .debug_str     0x000f3df2       0x51 ./Core/Src/fonts.o
                               0x3dd2 (size before relaxing)
 .debug_str     0x000f3e43       0x70 ./Core/Src/gpio.o
                              0xef94f (size before relaxing)
 .debug_str     0x000f3eb3       0x14 ./Core/Src/image.o
                               0x3d6b (size before relaxing)
 .debug_str     0x000f3ec7      0x25d ./Core/Src/main.o
                              0xf0026 (size before relaxing)
 .debug_str     0x000f4124       0x5b ./Core/Src/spi.o
                              0xefe84 (size before relaxing)
 .debug_str     0x000f417f       0x4d ./Core/Src/stm32g4xx_hal_msp.o
                              0xef8a5 (size before relaxing)
 .debug_str     0x000f41cc      0x103 ./Core/Src/stm32g4xx_it.o
                              0xefadc (size before relaxing)
 .debug_str     0x000f42cf       0xdb ./Core/Src/system_stm32g4xx.o
                              0xef3b9 (size before relaxing)
 .debug_str     0x000f43aa      0x4c7 ./Core/Src/tim.o
                              0xf0191 (size before relaxing)
 .debug_str     0x000f4871       0x44 ./Core/Startup/startup_stm32g474retx.o
                                 0xb9 (size before relaxing)
 .debug_str     0x000f48b5      0x5d9 ./Drivers/STM32G4xx_HAL_Driver/Src/stm32g4xx_hal.o
                              0xf00cb (size before relaxing)
 .debug_str     0x000f4e8e      0x35f ./Drivers/STM32G4xx_HAL_Driver/Src/stm32g4xx_hal_cortex.o
                              0xefd87 (size before relaxing)
 .debug_str     0x000f51ed      0x2a4 ./Drivers/STM32G4xx_HAL_Driver/Src/stm32g4xx_hal_dma.o
                              0xef793 (size before relaxing)
 .debug_str     0x000f5491      0x112 ./Drivers/STM32G4xx_HAL_Driver/Src/stm32g4xx_hal_gpio.o
                              0xef544 (size before relaxing)
 .debug_str     0x000f55a3      0x4a5 ./Drivers/STM32G4xx_HAL_Driver/Src/stm32g4xx_hal_pwr_ex.o
                              0xef8a7 (size before relaxing)
 .debug_str     0x000f5a48      0x506 ./Drivers/STM32G4xx_HAL_Driver/Src/stm32g4xx_hal_rcc.o
                              0xefad8 (size before relaxing)
 .debug_str     0x000f5f4e      0x576 ./Drivers/STM32G4xx_HAL_Driver/Src/stm32g4xx_hal_spi.o
                              0xefceb (size before relaxing)
 .debug_str     0x000f64c4      0xe92 ./Drivers/STM32G4xx_HAL_Driver/Src/stm32g4xx_hal_tim.o
                              0xf08b7 (size before relaxing)
 .debug_str     0x000f7356      0x910 ./Drivers/STM32G4xx_HAL_Driver/Src/stm32g4xx_hal_tim_ex.o
                              0xf052b (size before relaxing)

.comment        0x00000000       0x43
 .comment       0x00000000       0x43 ./Core/Src/GFX_FUNCTIONS.o
                                 0x44 (size before relaxing)
 .comment       0x00000043       0x44 ./Core/Src/ST7735.o
 .comment       0x00000043       0x44 ./Core/Src/TinyQVmockup.o
 .comment       0x00000043       0x44 ./Core/Src/dma.o
 .comment       0x00000043       0x44 ./Core/Src/fonts.o
 .comment       0x00000043       0x44 ./Core/Src/gpio.o
 .comment       0x00000043       0x44 ./Core/Src/image.o
 .comment       0x00000043       0x44 ./Core/Src/main.o
 .comment       0x00000043       0x44 ./Core/Src/spi.o
 .comment       0x00000043       0x44 ./Core/Src/stm32g4xx_hal_msp.o
 .comment       0x00000043       0x44 ./Core/Src/stm32g4xx_it.o
 .comment       0x00000043       0x44 ./Core/Src/system_stm32g4xx.o
 .comment       0x00000043       0x44 ./Core/Src/tim.o
 .comment       0x00000043       0x44 ./Drivers/STM32G4xx_HAL_Driver/Src/stm32g4xx_hal.o
 .comment       0x00000043       0x44 ./Drivers/STM32G4xx_HAL_Driver/Src/stm32g4xx_hal_cortex.o
 .comment       0x00000043       0x44 ./Drivers/STM32G4xx_HAL_Driver/Src/stm32g4xx_hal_dma.o
 .comment       0x00000043       0x44 ./Drivers/STM32G4xx_HAL_Driver/Src/stm32g4xx_hal_gpio.o
 .comment       0x00000043       0x44 ./Drivers/STM32G4xx_HAL_Driver/Src/stm32g4xx_hal_pwr_ex.o
 .comment       0x00000043       0x44 ./Drivers/STM32G4xx_HAL_Driver/Src/stm32g4xx_hal_rcc.o
 .comment       0x00000043       0x44 ./Drivers/STM32G4xx_HAL_Driver/Src/stm32g4xx_hal_spi.o
 .comment       0x00000043       0x44 ./Drivers/STM32G4xx_HAL_Driver/Src/stm32g4xx_hal_tim.o
 .comment       0x00000043       0x44 ./Drivers/STM32G4xx_HAL_Driver/Src/stm32g4xx_hal_tim_ex.o

.debug_frame    0x00000000     0x45a0
 .debug_frame   0x00000000      0x478 ./Core/Src/GFX_FUNCTIONS.o
 .debug_frame   0x00000478      0x260 ./Core/Src/ST7735.o
 .debug_frame   0x000006d8      0x118 ./Core/Src/TinyQVmockup.o
 .debug_frame   0x000007f0       0x34 ./Core/Src/dma.o
 .debug_frame   0x00000824       0x34 ./Core/Src/gpio.o
 .debug_frame   0x00000858       0x94 ./Core/Src/main.o
 .debug_frame   0x000008ec       0x74 ./Core/Src/spi.o
 .debug_frame   0x00000960       0x34 ./Core/Src/stm32g4xx_hal_msp.o
 .debug_frame   0x00000994      0x120 ./Core/Src/stm32g4xx_it.o
 .debug_frame   0x00000ab4       0x58 ./Core/Src/system_stm32g4xx.o
 .debug_frame   0x00000b0c       0xa0 ./Core/Src/tim.o
 .debug_frame   0x00000bac      0x500 ./Drivers/STM32G4xx_HAL_Driver/Src/stm32g4xx_hal.o
 .debug_frame   0x000010ac      0x4e8 ./Drivers/STM32G4xx_HAL_Driver/Src/stm32g4xx_hal_cortex.o
 .debug_frame   0x00001594      0x24c ./Drivers/STM32G4xx_HAL_Driver/Src/stm32g4xx_hal_dma.o
 .debug_frame   0x000017e0      0x14c ./Drivers/STM32G4xx_HAL_Driver/Src/stm32g4xx_hal_gpio.o
 .debug_frame   0x0000192c      0x4fc ./Drivers/STM32G4xx_HAL_Driver/Src/stm32g4xx_hal_pwr_ex.o
 .debug_frame   0x00001e28      0x23c ./Drivers/STM32G4xx_HAL_Driver/Src/stm32g4xx_hal_rcc.o
 .debug_frame   0x00002064      0x860 ./Drivers/STM32G4xx_HAL_Driver/Src/stm32g4xx_hal_spi.o
 .debug_frame   0x000028c4     0x1220 ./Drivers/STM32G4xx_HAL_Driver/Src/stm32g4xx_hal_tim.o
 .debug_frame   0x00003ae4      0xa70 ./Drivers/STM32G4xx_HAL_Driver/Src/stm32g4xx_hal_tim_ex.o
 .debug_frame   0x00004554       0x20 C:/ST/STM32CubeIDE_1.16.0/STM32CubeIDE/plugins/com.st.stm32cube.ide.mcu.externaltools.gnu-tools-for-stm32.12.3.rel1.win32_1.0.200.202406191623/tools/bin/../lib/gcc/arm-none-eabi/12.3.1/../../../../arm-none-eabi/lib/thumb/v7e-m+fp/hard\libc_nano.a(libc_a-memset.o)
 .debug_frame   0x00004574       0x2c C:/ST/STM32CubeIDE_1.16.0/STM32CubeIDE/plugins/com.st.stm32cube.ide.mcu.externaltools.gnu-tools-for-stm32.12.3.rel1.win32_1.0.200.202406191623/tools/bin/../lib/gcc/arm-none-eabi/12.3.1/../../../../arm-none-eabi/lib/thumb/v7e-m+fp/hard\libc_nano.a(libc_a-init.o)

.debug_line_str
                0x00000000       0x9d
 .debug_line_str
                0x00000000       0x9d ./Core/Startup/startup_stm32g474retx.o
