Copyright 1986-2022 Xilinx, Inc. All Rights Reserved. Copyright 2022-2024 Advanced Micro Devices, Inc. All Rights Reserved.
---------------------------------------------------------------------------------------------------------------------------------------------------------------------------------------------------
| Tool Version : Vivado v.2024.2 (win64) Build 5239630 Fri Nov 08 22:35:27 MST 2024
| Date         : Fri Jul 18 15:52:29 2025
| Host         : javi_laptop running 64-bit major release  (build 9200)
| Command      : report_bus_skew -warn_on_violation -file tt_um_impostor_WS2812b_bus_skew_routed.rpt -pb tt_um_impostor_WS2812b_bus_skew_routed.pb -rpx tt_um_impostor_WS2812b_bus_skew_routed.rpx
| Design       : tt_um_impostor_WS2812b
| Device       : 7s50-csga324
| Speed File   : -1  PRODUCTION 1.23 2018-06-13
| Design State : Routed
---------------------------------------------------------------------------------------------------------------------------------------------------------------------------------------------------

Bus Skew Report

No bus skew constraints

